// Jest Snapshot v1, https://goo.gl/fbAQLP

exports[`<RemoteWiFiSettings /> should display spinner 1`] = `
<div>
  <h1>
    Wi-Fi Settings
  </h1>
  <p>
    Here you can set up Wi-Fi on remote devices.
  </p>
  <div
    class="spinner-wrapper my-3 text-center"
  >
    <div
      class="spinner-border"
      role="status"
    >
      <span
        class="sr-only"
      />
    </div>
  </div>
</div>
`;
